CREATE EXTENSION pg_buffercache;
select count(*) = (select setting::bigint
                   from pg_settings
                   where name = 'shared_buffers')
from pg_buffercache;
 ?column? 
----------
 t
(1 row)

select used_buffers + unused_buffers > 0,
        dirty_buffers < used_buffers,
        pinned_buffers < used_buffers
from pg_buffercache_summary();
 ?column? | ?column? | ?column? 
----------+----------+----------
 t        | t        | t
(1 row)

